<html>
<body>
<pre>
<h1>礦ision Build Log</h1>
<h2>Tool Versions:</h2>
IDE-Version: μVision V5.14.0.0
Copyright (C) 2015 ARM Ltd and ARM Germany GmbH. All rights reserved.
License Information: THB Stone, HB, LIC=BUURA-14AJU-MMU9I-TM57M-XSR4Y-CIYVT
 
Tool Versions:
Toolchain:       MDK-ARM Standard  Version: 5.14.0.0
Toolchain Path:  D:\MDK\ARM\ARMCC\Bin
C Compiler:      Armcc.exe V5.05 update 1 (build 106)
Assembler:       Armasm.exe V5.05 update 1 (build 106)
Linker/Locator:  ArmLink.exe V5.05 update 1 (build 106)
Library Manager: ArmAr.exe V5.05 update 1 (build 106)
Hex Converter:   FromElf.exe V5.05 update 1 (build 106)
CPU DLL:         SARMCM3.DLL V5.14.0.0
Dialog DLL:      DARMSTM.DLL V1.65.0.0
Target DLL:      STLink\ST-LINKIII-KEIL_SWO.dll V2.0.14.0_KEIL
Dialog DLL:      TARMSTM.DLL V1.64.0.0
 
<h2>Project:</h2>
C:\Users\THB\Documents\STM32 Data\自己的探索[从0开始]\05\01.uvprojx
Project File Date:  10/29/2016

<h2>Output:</h2>
Rebuild target 'FLASH'
assembling STM32F10x.s...
compiling system_stm32f10x.c...
compiling main.c...
linking...
Program Size: Code=2516 RO-data=336 RW-data=4 ZI-data=1124  
FromELF: creating hex file...
".\Objects\01.axf" - 0 Error(s), 0 Warning(s).

<h2>Collection of Component include folders:</h2>
  C:\Users\THB\Documents\STM32 Data\自己的探索[从0开始]\05\RTE
  D:\MDK\ARM\PACK\Keil\STM32F1xx_DFP\2.1.0

<h2>Collection of Component Files used:</h2>
</pre>
</body>
</html>
