Component: ARM Compiler 5.05 update 1 (build 106) Tool: armlink [4d0efa]

==============================================================================

Section Cross References

    stm32f10x.o(STACK) refers (Special) to heapauxi.o(.text) for __use_two_region_memory
    stm32f10x.o(HEAP) refers (Special) to heapauxi.o(.text) for __use_two_region_memory
    stm32f10x.o(RESET) refers (Special) to heapauxi.o(.text) for __use_two_region_memory
    stm32f10x.o(RESET) refers to stm32f10x.o(STACK) for __initial_sp
    stm32f10x.o(RESET) refers to stm32f10x.o(.text) for Reset_Handler
    stm32f10x.o(RESET) refers to main.o(i.EXTI4_IRQHandler) for EXTI4_IRQHandler
    stm32f10x.o(RESET) refers to main.o(i.TIM1_UP_IRQHandler) for TIM1_UP_IRQHandler
    stm32f10x.o(RESET) refers to main.o(i.USART1_IRQHandler) for USART1_IRQHandler
    stm32f10x.o(.text) refers (Special) to heapauxi.o(.text) for __use_two_region_memory
    stm32f10x.o(.text) refers to system_stm32f10x.o(i.SystemInit) for SystemInit
    stm32f10x.o(.text) refers to __main.o(!!!main) for __main
    stm32f10x.o(.text) refers to stm32f10x.o(HEAP) for Heap_Mem
    stm32f10x.o(.text) refers to stm32f10x.o(STACK) for Stack_Mem
    system_stm32f10x.o(i.SetSysClock) refers to system_stm32f10x.o(.data) for SystemCoreClock
    system_stm32f10x.o(i.SystemInit) refers to system_stm32f10x.o(i.SetSysClock) for SetSysClock
    main.o(i.EXIT_Init) refers to main.o(i.NVIC_Init) for NVIC_Init
    main.o(i.NVIC_Init) refers to main.o(i.NVIC_SetPriority) for NVIC_SetPriority
    main.o(i.NVIC_Init) refers to main.o(i.NVIC_EnableIRQ) for NVIC_EnableIRQ
    main.o(i.TIM1_UP_IRQHandler) refers to main.o(.data) for dir
    main.o(i.TIM_Init) refers to main.o(i.NVIC_Init) for NVIC_Init
    main.o(i.TIM_Init) refers to main.o(.data) for timer
    main.o(i.USART1_IRQHandler) refers to main.o(i.uart_wirte) for uart_wirte
    main.o(i.USART1_IRQHandler) refers to main.o(.data) for Usart1_R_Count
    main.o(i.USART1_IRQHandler) refers to main.o(.bss) for Usart1_R_Buff
    main.o(i.com_send_str) refers to main.o(i.com_send_char) for com_send_char
    main.o(i.main) refers to main.o(i.uart_init) for uart_init
    main.o(i.main) refers to main.o(i.EXIT_Init) for EXIT_Init
    main.o(i.main) refers to main.o(i.TIM_Init) for TIM_Init
    main.o(i.uart_init) refers to fflt_clz.o(x$fpl$ffltu) for __aeabi_ui2f
    main.o(i.uart_init) refers to fdiv.o(x$fpl$fdiv) for __aeabi_fdiv
    main.o(i.uart_init) refers to ffixu.o(x$fpl$ffixu) for __aeabi_f2uiz
    main.o(i.uart_init) refers to faddsub_clz.o(x$fpl$frsb) for __aeabi_frsub
    main.o(i.uart_init) refers to fmul.o(x$fpl$fmul) for __aeabi_fmul
    main.o(i.uart_init) refers to main.o(i.NVIC_SetPriority) for NVIC_SetPriority
    main.o(i.uart_init) refers to main.o(i.NVIC_EnableIRQ) for NVIC_EnableIRQ
    main.o(i.uart_init) refers to system_stm32f10x.o(.data) for SystemCoreClock
    main.o(i.uart_wirte) refers to main.o(i.com_send_char) for com_send_char
    __main.o(!!!main) refers to __rtentry.o(.ARM.Collect$$rtentry$$00000000) for __rt_entry
    faddsub_clz.o(x$fpl$fadd) refers (Special) to usenofp.o(x$fpl$usenofp) for __I$use$fp
    faddsub_clz.o(x$fpl$fadd) refers to faddsub_clz.o(x$fpl$fsub) for _fsub1
    faddsub_clz.o(x$fpl$fadd) refers to fretinf.o(x$fpl$fretinf) for __fpl_fretinf
    faddsub_clz.o(x$fpl$fadd) refers to fnaninf.o(x$fpl$fnaninf) for __fpl_fnaninf
    faddsub_clz.o(x$fpl$frsb) refers (Special) to usenofp.o(x$fpl$usenofp) for __I$use$fp
    faddsub_clz.o(x$fpl$frsb) refers to faddsub_clz.o(x$fpl$fadd) for _fadd1
    faddsub_clz.o(x$fpl$frsb) refers to faddsub_clz.o(x$fpl$fsub) for _fsub1
    faddsub_clz.o(x$fpl$fsub) refers (Special) to usenofp.o(x$fpl$usenofp) for __I$use$fp
    faddsub_clz.o(x$fpl$fsub) refers to faddsub_clz.o(x$fpl$fadd) for _fadd1
    faddsub_clz.o(x$fpl$fsub) refers to fnaninf.o(x$fpl$fnaninf) for __fpl_fnaninf
    fdiv.o(x$fpl$frdiv) refers (Special) to usenofp.o(x$fpl$usenofp) for __I$use$fp
    fdiv.o(x$fpl$frdiv) refers to fdiv.o(x$fpl$fdiv) for _fdiv1
    fdiv.o(x$fpl$fdiv) refers (Special) to usenofp.o(x$fpl$usenofp) for __I$use$fp
    fdiv.o(x$fpl$fdiv) refers to fretinf.o(x$fpl$fretinf) for __fpl_fretinf
    fdiv.o(x$fpl$fdiv) refers to fnaninf.o(x$fpl$fnaninf) for __fpl_fnaninf
    ffixu.o(x$fpl$ffixu) refers (Special) to usenofp.o(x$fpl$usenofp) for __I$use$fp
    ffixu.o(x$fpl$ffixu) refers to fnaninf.o(x$fpl$fnaninf) for __fpl_fnaninf
    ffixu.o(x$fpl$ffixur) refers (Special) to usenofp.o(x$fpl$usenofp) for __I$use$fp
    ffixu.o(x$fpl$ffixur) refers to fnaninf.o(x$fpl$fnaninf) for __fpl_fnaninf
    fflt_clz.o(x$fpl$ffltu) refers (Special) to usenofp.o(x$fpl$usenofp) for __I$use$fp
    fflt_clz.o(x$fpl$fflt) refers (Special) to usenofp.o(x$fpl$usenofp) for __I$use$fp
    fflt_clz.o(x$fpl$ffltn) refers (Special) to usenofp.o(x$fpl$usenofp) for __I$use$fp
    fmul.o(x$fpl$fmul) refers (Special) to usenofp.o(x$fpl$usenofp) for __I$use$fp
    fmul.o(x$fpl$fmul) refers to fretinf.o(x$fpl$fretinf) for __fpl_fretinf
    fmul.o(x$fpl$fmul) refers to fnaninf.o(x$fpl$fnaninf) for __fpl_fnaninf
    __rtentry.o(.ARM.Collect$$rtentry$$00000000) refers (Special) to __rtentry2.o(.ARM.Collect$$rtentry$$0000000A) for __rt_entry_li
    __rtentry.o(.ARM.Collect$$rtentry$$00000000) refers (Special) to __rtentry2.o(.ARM.Collect$$rtentry$$0000000D) for __rt_entry_main
    __rtentry.o(.ARM.Collect$$rtentry$$00000000) refers (Special) to __rtentry2.o(.ARM.Collect$$rtentry$$0000000C) for __rt_entry_postli_1
    __rtentry.o(.ARM.Collect$$rtentry$$00000000) refers (Special) to __rtentry2.o(.ARM.Collect$$rtentry$$00000009) for __rt_entry_postsh_1
    __rtentry.o(.ARM.Collect$$rtentry$$00000000) refers (Special) to __rtentry2.o(.ARM.Collect$$rtentry$$00000002) for __rt_entry_presh_1
    __rtentry.o(.ARM.Collect$$rtentry$$00000000) refers (Special) to __rtentry4.o(.ARM.Collect$$rtentry$$00000004) for __rt_entry_sh
    fnaninf.o(x$fpl$fnaninf) refers (Special) to usenofp.o(x$fpl$usenofp) for __I$use$fp
    fretinf.o(x$fpl$fretinf) refers (Special) to usenofp.o(x$fpl$usenofp) for __I$use$fp
    __rtentry2.o(.ARM.Collect$$rtentry$$00000008) refers to boardinit2.o(.text) for _platform_post_stackheap_init
    __rtentry2.o(.ARM.Collect$$rtentry$$0000000A) refers to libinit.o(.ARM.Collect$$libinit$$00000000) for __rt_lib_init
    __rtentry2.o(.ARM.Collect$$rtentry$$0000000B) refers to boardinit3.o(.text) for _platform_post_lib_init
    __rtentry2.o(.ARM.Collect$$rtentry$$0000000D) refers to main.o(i.main) for main
    __rtentry2.o(.ARM.Collect$$rtentry$$0000000D) refers to exit.o(.text) for exit
    __rtentry2.o(.ARM.exidx) refers to __rtentry2.o(.ARM.Collect$$rtentry$$00000001) for .ARM.Collect$$rtentry$$00000001
    __rtentry2.o(.ARM.exidx) refers to __rtentry2.o(.ARM.Collect$$rtentry$$00000008) for .ARM.Collect$$rtentry$$00000008
    __rtentry2.o(.ARM.exidx) refers to __rtentry2.o(.ARM.Collect$$rtentry$$0000000A) for .ARM.Collect$$rtentry$$0000000A
    __rtentry2.o(.ARM.exidx) refers to __rtentry2.o(.ARM.Collect$$rtentry$$0000000B) for .ARM.Collect$$rtentry$$0000000B
    __rtentry2.o(.ARM.exidx) refers to __rtentry2.o(.ARM.Collect$$rtentry$$0000000D) for .ARM.Collect$$rtentry$$0000000D
    __rtentry4.o(.ARM.Collect$$rtentry$$00000004) refers to sys_stackheap_outer.o(.text) for __user_setup_stackheap
    __rtentry4.o(.ARM.exidx) refers to __rtentry4.o(.ARM.Collect$$rtentry$$00000004) for .ARM.Collect$$rtentry$$00000004
    sys_stackheap_outer.o(.text) refers to libspace.o(.text) for __user_perproc_libspace
    sys_stackheap_outer.o(.text) refers to stm32f10x.o(.text) for __user_initial_stackheap
    exit.o(.text) refers to rtexit.o(.ARM.Collect$$rtexit$$00000000) for __rt_exit
    libinit.o(.ARM.Collect$$libinit$$00000000) refers (Special) to libinit2.o(.ARM.Collect$$libinit$$0000002E) for __rt_lib_init_alloca_1
    libinit.o(.ARM.Collect$$libinit$$00000000) refers (Special) to libinit2.o(.ARM.Collect$$libinit$$0000002C) for __rt_lib_init_argv_1
    libinit.o(.ARM.Collect$$libinit$$00000000) refers (Special) to libinit2.o(.ARM.Collect$$libinit$$0000001B) for __rt_lib_init_atexit_1
    libinit.o(.ARM.Collect$$libinit$$00000000) refers (Special) to libinit2.o(.ARM.Collect$$libinit$$00000021) for __rt_lib_init_clock_1
    libinit.o(.ARM.Collect$$libinit$$00000000) refers (Special) to libinit2.o(.ARM.Collect$$libinit$$00000032) for __rt_lib_init_cpp_1
    libinit.o(.ARM.Collect$$libinit$$00000000) refers (Special) to libinit2.o(.ARM.Collect$$libinit$$00000030) for __rt_lib_init_exceptions_1
    libinit.o(.ARM.Collect$$libinit$$00000000) refers (Special) to libinit2.o(.ARM.Collect$$libinit$$00000002) for __rt_lib_init_fp_1
    libinit.o(.ARM.Collect$$libinit$$00000000) refers (Special) to libinit2.o(.ARM.Collect$$libinit$$0000001F) for __rt_lib_init_fp_trap_1
    libinit.o(.ARM.Collect$$libinit$$00000000) refers (Special) to libinit2.o(.ARM.Collect$$libinit$$00000023) for __rt_lib_init_getenv_1
    libinit.o(.ARM.Collect$$libinit$$00000000) refers (Special) to libinit2.o(.ARM.Collect$$libinit$$0000000A) for __rt_lib_init_heap_1
    libinit.o(.ARM.Collect$$libinit$$00000000) refers (Special) to libinit2.o(.ARM.Collect$$libinit$$00000011) for __rt_lib_init_lc_collate_1
    libinit.o(.ARM.Collect$$libinit$$00000000) refers (Special) to libinit2.o(.ARM.Collect$$libinit$$00000013) for __rt_lib_init_lc_ctype_1
    libinit.o(.ARM.Collect$$libinit$$00000000) refers (Special) to libinit2.o(.ARM.Collect$$libinit$$00000015) for __rt_lib_init_lc_monetary_1
    libinit.o(.ARM.Collect$$libinit$$00000000) refers (Special) to libinit2.o(.ARM.Collect$$libinit$$00000017) for __rt_lib_init_lc_numeric_1
    libinit.o(.ARM.Collect$$libinit$$00000000) refers (Special) to libinit2.o(.ARM.Collect$$libinit$$00000019) for __rt_lib_init_lc_time_1
    libinit.o(.ARM.Collect$$libinit$$00000000) refers (Special) to libinit2.o(.ARM.Collect$$libinit$$00000004) for __rt_lib_init_preinit_1
    libinit.o(.ARM.Collect$$libinit$$00000000) refers (Special) to libinit2.o(.ARM.Collect$$libinit$$0000000E) for __rt_lib_init_rand_1
    libinit.o(.ARM.Collect$$libinit$$00000000) refers (Special) to libinit2.o(.ARM.Collect$$libinit$$00000033) for __rt_lib_init_return
    libinit.o(.ARM.Collect$$libinit$$00000000) refers (Special) to libinit2.o(.ARM.Collect$$libinit$$0000001D) for __rt_lib_init_signal_1
    libinit.o(.ARM.Collect$$libinit$$00000000) refers (Special) to libinit2.o(.ARM.Collect$$libinit$$00000025) for __rt_lib_init_stdio_1
    libinit.o(.ARM.Collect$$libinit$$00000000) refers (Special) to libinit2.o(.ARM.Collect$$libinit$$0000000C) for __rt_lib_init_user_alloc_1
    libspace.o(.text) refers to libspace.o(.bss) for __libspace_start
    rtexit.o(.ARM.Collect$$rtexit$$00000000) refers (Special) to rtexit2.o(.ARM.Collect$$rtexit$$00000004) for __rt_exit_exit
    rtexit.o(.ARM.Collect$$rtexit$$00000000) refers (Special) to rtexit2.o(.ARM.Collect$$rtexit$$00000003) for __rt_exit_ls
    rtexit.o(.ARM.Collect$$rtexit$$00000000) refers (Special) to rtexit2.o(.ARM.Collect$$rtexit$$00000002) for __rt_exit_prels_1
    rtexit.o(.ARM.exidx) refers (Special) to rtexit2.o(.ARM.Collect$$rtexit$$00000004) for __rt_exit_exit
    rtexit.o(.ARM.exidx) refers (Special) to rtexit2.o(.ARM.Collect$$rtexit$$00000003) for __rt_exit_ls
    rtexit.o(.ARM.exidx) refers (Special) to rtexit2.o(.ARM.Collect$$rtexit$$00000002) for __rt_exit_prels_1
    rtexit.o(.ARM.exidx) refers to rtexit.o(.ARM.Collect$$rtexit$$00000000) for .ARM.Collect$$rtexit$$00000000
    libinit2.o(.ARM.Collect$$libinit$$00000010) refers to libinit2.o(.ARM.Collect$$libinit$$0000000F) for .ARM.Collect$$libinit$$0000000F
    libinit2.o(.ARM.Collect$$libinit$$00000012) refers to libinit2.o(.ARM.Collect$$libinit$$0000000F) for .ARM.Collect$$libinit$$0000000F
    libinit2.o(.ARM.Collect$$libinit$$00000014) refers to libinit2.o(.ARM.Collect$$libinit$$0000000F) for .ARM.Collect$$libinit$$0000000F
    libinit2.o(.ARM.Collect$$libinit$$00000016) refers to libinit2.o(.ARM.Collect$$libinit$$0000000F) for .ARM.Collect$$libinit$$0000000F
    libinit2.o(.ARM.Collect$$libinit$$00000018) refers to libinit2.o(.ARM.Collect$$libinit$$0000000F) for .ARM.Collect$$libinit$$0000000F
    libinit2.o(.ARM.Collect$$libinit$$00000026) refers to argv_veneer.o(.emb_text) for __ARM_argv_veneer
    libinit2.o(.ARM.Collect$$libinit$$00000027) refers to argv_veneer.o(.emb_text) for __ARM_argv_veneer
    rtexit2.o(.ARM.Collect$$rtexit$$00000003) refers to libshutdown.o(.ARM.Collect$$libshutdown$$00000000) for __rt_lib_shutdown
    rtexit2.o(.ARM.Collect$$rtexit$$00000004) refers to sys_exit.o(.text) for _sys_exit
    rtexit2.o(.ARM.exidx) refers to rtexit2.o(.ARM.Collect$$rtexit$$00000001) for .ARM.Collect$$rtexit$$00000001
    rtexit2.o(.ARM.exidx) refers to rtexit2.o(.ARM.Collect$$rtexit$$00000003) for .ARM.Collect$$rtexit$$00000003
    rtexit2.o(.ARM.exidx) refers to rtexit2.o(.ARM.Collect$$rtexit$$00000004) for .ARM.Collect$$rtexit$$00000004
    argv_veneer.o(.emb_text) refers to no_argv.o(.text) for __ARM_get_argv
    sys_exit.o(.text) refers (Special) to use_no_semi.o(.text) for __I$use$semihosting
    sys_exit.o(.text) refers (Special) to indicate_semi.o(.text) for __semihosting_library_function
    _get_argv_nomalloc.o(.text) refers (Special) to hrguard.o(.text) for __heap_region$guard
    _get_argv_nomalloc.o(.text) refers to defsig_rtmem_outer.o(.text) for __rt_SIGRTMEM
    _get_argv_nomalloc.o(.text) refers to sys_command.o(.text) for _sys_command_string
    libshutdown.o(.ARM.Collect$$libshutdown$$00000000) refers (Special) to libshutdown2.o(.ARM.Collect$$libshutdown$$00000006) for __rt_lib_shutdown_fp_trap_1
    libshutdown.o(.ARM.Collect$$libshutdown$$00000000) refers (Special) to libshutdown2.o(.ARM.Collect$$libshutdown$$0000000E) for __rt_lib_shutdown_heap_1
    libshutdown.o(.ARM.Collect$$libshutdown$$00000000) refers (Special) to libshutdown2.o(.ARM.Collect$$libshutdown$$0000000F) for __rt_lib_shutdown_return
    libshutdown.o(.ARM.Collect$$libshutdown$$00000000) refers (Special) to libshutdown2.o(.ARM.Collect$$libshutdown$$00000009) for __rt_lib_shutdown_signal_1
    libshutdown.o(.ARM.Collect$$libshutdown$$00000000) refers (Special) to libshutdown2.o(.ARM.Collect$$libshutdown$$00000003) for __rt_lib_shutdown_stdio_1
    libshutdown.o(.ARM.Collect$$libshutdown$$00000000) refers (Special) to libshutdown2.o(.ARM.Collect$$libshutdown$$0000000B) for __rt_lib_shutdown_user_alloc_1
    sys_command.o(.text) refers (Special) to use_no_semi.o(.text) for __I$use$semihosting
    sys_command.o(.text) refers (Special) to indicate_semi.o(.text) for __semihosting_library_function
    defsig_rtmem_outer.o(.text) refers to defsig_rtmem_inner.o(.text) for __rt_SIGRTMEM_inner
    defsig_rtmem_outer.o(.text) refers to defsig_exit.o(.text) for __sig_exit
    defsig_rtmem_formal.o(.text) refers to rt_raise.o(.text) for __rt_raise
    rt_raise.o(.text) refers to __raise.o(.text) for __raise
    rt_raise.o(.text) refers to sys_exit.o(.text) for _sys_exit
    defsig_exit.o(.text) refers to sys_exit.o(.text) for _sys_exit
    defsig_rtmem_inner.o(.text) refers to defsig_general.o(.text) for __default_signal_display
    __raise.o(.text) refers to defsig.o(CL$$defsig) for __default_signal_handler
    defsig_general.o(.text) refers to sys_wrch.o(.text) for _ttywrch
    sys_wrch.o(.text) refers (Special) to use_no_semi.o(.text) for __I$use$semihosting
    sys_wrch.o(.text) refers (Special) to indicate_semi.o(.text) for __semihosting_library_function
    defsig.o(CL$$defsig) refers to defsig_rtmem_inner.o(.text) for __rt_SIGRTMEM_inner
    defsig_abrt_inner.o(.text) refers to defsig_general.o(.text) for __default_signal_display
    defsig_fpe_inner.o(.text) refers to defsig_general.o(.text) for __default_signal_display
    defsig_rtred_inner.o(.text) refers to defsig_general.o(.text) for __default_signal_display
    defsig_stak_inner.o(.text) refers to defsig_general.o(.text) for __default_signal_display
    defsig_pvfn_inner.o(.text) refers to defsig_general.o(.text) for __default_signal_display
    defsig_cppl_inner.o(.text) refers to defsig_general.o(.text) for __default_signal_display
    defsig_segv_inner.o(.text) refers to defsig_general.o(.text) for __default_signal_display
    defsig_other.o(.text) refers to defsig_general.o(.text) for __default_signal_display


==============================================================================

Removing Unused input sections from the image.

    Removing main.o(i.com_send_str), (22 bytes).
    Removing main.o(i.delay), (12 bytes).

2 unused section(s) (total 34 bytes) removed from the image.

==============================================================================

Image Symbol Table

    Local Symbols

    Symbol Name                              Value     Ov Type        Size  Object(Section)

    ../clib/angel/boardlib.s                 0x00000000   Number         0  boardinit1.o ABSOLUTE
    ../clib/angel/boardlib.s                 0x00000000   Number         0  boardshut.o ABSOLUTE
    ../clib/angel/boardlib.s                 0x00000000   Number         0  boardinit2.o ABSOLUTE
    ../clib/angel/boardlib.s                 0x00000000   Number         0  boardinit3.o ABSOLUTE
    ../clib/angel/handlers.s                 0x00000000   Number         0  __scatter_zi.o ABSOLUTE
    ../clib/angel/handlers.s                 0x00000000   Number         0  __scatter_copy.o ABSOLUTE
    ../clib/angel/kernel.s                   0x00000000   Number         0  __rtentry2.o ABSOLUTE
    ../clib/angel/kernel.s                   0x00000000   Number         0  __rtentry.o ABSOLUTE
    ../clib/angel/kernel.s                   0x00000000   Number         0  rtexit.o ABSOLUTE
    ../clib/angel/kernel.s                   0x00000000   Number         0  __rtentry4.o ABSOLUTE
    ../clib/angel/kernel.s                   0x00000000   Number         0  rtexit2.o ABSOLUTE
    ../clib/angel/rt.s                       0x00000000   Number         0  rt_raise.o ABSOLUTE
    ../clib/angel/scatter.s                  0x00000000   Number         0  __scatter.o ABSOLUTE
    ../clib/angel/startup.s                  0x00000000   Number         0  __main.o ABSOLUTE
    ../clib/angel/sys.s                      0x00000000   Number         0  use_no_semi.o ABSOLUTE
    ../clib/angel/sys.s                      0x00000000   Number         0  indicate_semi.o ABSOLUTE
    ../clib/angel/sys.s                      0x00000000   Number         0  libspace.o ABSOLUTE
    ../clib/angel/sys.s                      0x00000000   Number         0  sys_stackheap_outer.o ABSOLUTE
    ../clib/angel/sysapp.c                   0x00000000   Number         0  sys_exit.o ABSOLUTE
    ../clib/angel/sysapp.c                   0x00000000   Number         0  sys_command.o ABSOLUTE
    ../clib/angel/sysapp.c                   0x00000000   Number         0  sys_wrch.o ABSOLUTE
    ../clib/armsys.c                         0x00000000   Number         0  no_argv.o ABSOLUTE
    ../clib/armsys.c                         0x00000000   Number         0  _get_argv_nomalloc.o ABSOLUTE
    ../clib/armsys.c                         0x00000000   Number         0  argv_veneer.o ABSOLUTE
    ../clib/armsys.c                         0x00000000   Number         0  argv_veneer.o ABSOLUTE
    ../clib/heapalloc.c                      0x00000000   Number         0  hrguard.o ABSOLUTE
    ../clib/heapaux.c                        0x00000000   Number         0  heapauxi.o ABSOLUTE
    ../clib/libinit.s                        0x00000000   Number         0  libshutdown.o ABSOLUTE
    ../clib/libinit.s                        0x00000000   Number         0  libinit.o ABSOLUTE
    ../clib/libinit.s                        0x00000000   Number         0  libshutdown2.o ABSOLUTE
    ../clib/libinit.s                        0x00000000   Number         0  libinit2.o ABSOLUTE
    ../clib/signal.c                         0x00000000   Number         0  defsig_other.o ABSOLUTE
    ../clib/signal.c                         0x00000000   Number         0  defsig_segv_inner.o ABSOLUTE
    ../clib/signal.c                         0x00000000   Number         0  defsig_abrt_inner.o ABSOLUTE
    ../clib/signal.c                         0x00000000   Number         0  defsig_cppl_inner.o ABSOLUTE
    ../clib/signal.c                         0x00000000   Number         0  defsig_pvfn_inner.o ABSOLUTE
    ../clib/signal.c                         0x00000000   Number         0  defsig_stak_inner.o ABSOLUTE
    ../clib/signal.c                         0x00000000   Number         0  defsig_rtred_inner.o ABSOLUTE
    ../clib/signal.c                         0x00000000   Number         0  defsig_exit.o ABSOLUTE
    ../clib/signal.c                         0x00000000   Number         0  defsig_rtmem_formal.o ABSOLUTE
    ../clib/signal.c                         0x00000000   Number         0  defsig_rtmem_outer.o ABSOLUTE
    ../clib/signal.c                         0x00000000   Number         0  defsig_rtmem_inner.o ABSOLUTE
    ../clib/signal.c                         0x00000000   Number         0  __raise.o ABSOLUTE
    ../clib/signal.c                         0x00000000   Number         0  defsig_general.o ABSOLUTE
    ../clib/signal.c                         0x00000000   Number         0  defsig_fpe_inner.o ABSOLUTE
    ../clib/signal.s                         0x00000000   Number         0  defsig.o ABSOLUTE
    ../clib/stdlib.c                         0x00000000   Number         0  exit.o ABSOLUTE
    ../fplib/faddsub.s                       0x00000000   Number         0  faddsub_clz.o ABSOLUTE
    ../fplib/fdiv.s                          0x00000000   Number         0  fdiv.o ABSOLUTE
    ../fplib/ffixu.s                         0x00000000   Number         0  ffixu.o ABSOLUTE
    ../fplib/fflt.s                          0x00000000   Number         0  fflt_clz.o ABSOLUTE
    ../fplib/fmul.s                          0x00000000   Number         0  fmul.o ABSOLUTE
    ../fplib/fnaninf.s                       0x00000000   Number         0  fnaninf.o ABSOLUTE
    ../fplib/fpinit.s                        0x00000000   Number         0  fpinit.o ABSOLUTE
    ../fplib/fretinf.s                       0x00000000   Number         0  fretinf.o ABSOLUTE
    ../fplib/usenofp.s                       0x00000000   Number         0  usenofp.o ABSOLUTE
    ..\core\STM32F10x.s                      0x00000000   Number         0  stm32f10x.o ABSOLUTE
    ..\core\system_stm32f10x.c               0x00000000   Number         0  system_stm32f10x.o ABSOLUTE
    dc.s                                     0x00000000   Number         0  dc.o ABSOLUTE
    main.c                                   0x00000000   Number         0  main.o ABSOLUTE
    RESET                                    0x20000000   Section      304  stm32f10x.o(RESET)
    !!!main                                  0x20000130   Section        8  __main.o(!!!main)
    !!!scatter                               0x20000138   Section       52  __scatter.o(!!!scatter)
    !!handler_copy                           0x2000016c   Section       26  __scatter_copy.o(!!handler_copy)
    !!handler_zi                             0x20000188   Section       28  __scatter_zi.o(!!handler_zi)
    .ARM.Collect$$libinit$$00000000          0x200001a4   Section        2  libinit.o(.ARM.Collect$$libinit$$00000000)
    .ARM.Collect$$libinit$$00000002          0x200001a6   Section        0  libinit2.o(.ARM.Collect$$libinit$$00000002)
    .ARM.Collect$$libinit$$00000004          0x200001a6   Section        0  libinit2.o(.ARM.Collect$$libinit$$00000004)
    .ARM.Collect$$libinit$$0000000A          0x200001a6   Section        0  libinit2.o(.ARM.Collect$$libinit$$0000000A)
    .ARM.Collect$$libinit$$0000000C          0x200001a6   Section        0  libinit2.o(.ARM.Collect$$libinit$$0000000C)
    .ARM.Collect$$libinit$$0000000E          0x200001a6   Section        0  libinit2.o(.ARM.Collect$$libinit$$0000000E)
    .ARM.Collect$$libinit$$00000011          0x200001a6   Section        0  libinit2.o(.ARM.Collect$$libinit$$00000011)
    .ARM.Collect$$libinit$$00000013          0x200001a6   Section        0  libinit2.o(.ARM.Collect$$libinit$$00000013)
    .ARM.Collect$$libinit$$00000015          0x200001a6   Section        0  libinit2.o(.ARM.Collect$$libinit$$00000015)
    .ARM.Collect$$libinit$$00000017          0x200001a6   Section        0  libinit2.o(.ARM.Collect$$libinit$$00000017)
    .ARM.Collect$$libinit$$00000019          0x200001a6   Section        0  libinit2.o(.ARM.Collect$$libinit$$00000019)
    .ARM.Collect$$libinit$$0000001B          0x200001a6   Section        0  libinit2.o(.ARM.Collect$$libinit$$0000001B)
    .ARM.Collect$$libinit$$0000001D          0x200001a6   Section        0  libinit2.o(.ARM.Collect$$libinit$$0000001D)
    .ARM.Collect$$libinit$$0000001F          0x200001a6   Section        0  libinit2.o(.ARM.Collect$$libinit$$0000001F)
    .ARM.Collect$$libinit$$00000021          0x200001a6   Section        0  libinit2.o(.ARM.Collect$$libinit$$00000021)
    .ARM.Collect$$libinit$$00000023          0x200001a6   Section        0  libinit2.o(.ARM.Collect$$libinit$$00000023)
    .ARM.Collect$$libinit$$00000025          0x200001a6   Section        0  libinit2.o(.ARM.Collect$$libinit$$00000025)
    .ARM.Collect$$libinit$$0000002C          0x200001a6   Section        0  libinit2.o(.ARM.Collect$$libinit$$0000002C)
    .ARM.Collect$$libinit$$0000002E          0x200001a6   Section        0  libinit2.o(.ARM.Collect$$libinit$$0000002E)
    .ARM.Collect$$libinit$$00000030          0x200001a6   Section        0  libinit2.o(.ARM.Collect$$libinit$$00000030)
    .ARM.Collect$$libinit$$00000032          0x200001a6   Section        0  libinit2.o(.ARM.Collect$$libinit$$00000032)
    .ARM.Collect$$libinit$$00000033          0x200001a6   Section        2  libinit2.o(.ARM.Collect$$libinit$$00000033)
    .ARM.Collect$$libshutdown$$00000000      0x200001a8   Section        2  libshutdown.o(.ARM.Collect$$libshutdown$$00000000)
    .ARM.Collect$$libshutdown$$00000003      0x200001aa   Section        0  libshutdown2.o(.ARM.Collect$$libshutdown$$00000003)
    .ARM.Collect$$libshutdown$$00000006      0x200001aa   Section        0  libshutdown2.o(.ARM.Collect$$libshutdown$$00000006)
    .ARM.Collect$$libshutdown$$00000009      0x200001aa   Section        0  libshutdown2.o(.ARM.Collect$$libshutdown$$00000009)
    .ARM.Collect$$libshutdown$$0000000B      0x200001aa   Section        0  libshutdown2.o(.ARM.Collect$$libshutdown$$0000000B)
    .ARM.Collect$$libshutdown$$0000000E      0x200001aa   Section        0  libshutdown2.o(.ARM.Collect$$libshutdown$$0000000E)
    .ARM.Collect$$libshutdown$$0000000F      0x200001aa   Section        2  libshutdown2.o(.ARM.Collect$$libshutdown$$0000000F)
    .ARM.Collect$$rtentry$$00000000          0x200001ac   Section        0  __rtentry.o(.ARM.Collect$$rtentry$$00000000)
    .ARM.Collect$$rtentry$$00000002          0x200001ac   Section        0  __rtentry2.o(.ARM.Collect$$rtentry$$00000002)
    .ARM.Collect$$rtentry$$00000004          0x200001ac   Section        6  __rtentry4.o(.ARM.Collect$$rtentry$$00000004)
    .ARM.Collect$$rtentry$$00000009          0x200001b2   Section        0  __rtentry2.o(.ARM.Collect$$rtentry$$00000009)
    .ARM.Collect$$rtentry$$0000000A          0x200001b2   Section        4  __rtentry2.o(.ARM.Collect$$rtentry$$0000000A)
    .ARM.Collect$$rtentry$$0000000C          0x200001b6   Section        0  __rtentry2.o(.ARM.Collect$$rtentry$$0000000C)
    .ARM.Collect$$rtentry$$0000000D          0x200001b6   Section        8  __rtentry2.o(.ARM.Collect$$rtentry$$0000000D)
    .ARM.Collect$$rtexit$$00000000           0x200001be   Section        2  rtexit.o(.ARM.Collect$$rtexit$$00000000)
    .ARM.Collect$$rtexit$$00000002           0x200001c0   Section        0  rtexit2.o(.ARM.Collect$$rtexit$$00000002)
    .ARM.Collect$$rtexit$$00000003           0x200001c0   Section        4  rtexit2.o(.ARM.Collect$$rtexit$$00000003)
    .ARM.Collect$$rtexit$$00000004           0x200001c4   Section        6  rtexit2.o(.ARM.Collect$$rtexit$$00000004)
    .text                                    0x200001cc   Section       60  stm32f10x.o(.text)
    .text                                    0x20000208   Section        0  heapauxi.o(.text)
    .text                                    0x2000020e   Section       74  sys_stackheap_outer.o(.text)
    .text                                    0x20000258   Section        0  exit.o(.text)
    .text                                    0x20000264   Section        8  libspace.o(.text)
    .text                                    0x2000026c   Section        0  sys_exit.o(.text)
    .text                                    0x20000278   Section        2  use_no_semi.o(.text)
    .text                                    0x2000027a   Section        0  indicate_semi.o(.text)
    i.EXIT_Init                              0x2000027c   Section        0  main.o(i.EXIT_Init)
    i.EXTI4_IRQHandler                       0x200002f8   Section        0  main.o(i.EXTI4_IRQHandler)
    i.NVIC_EnableIRQ                         0x2000031c   Section        0  main.o(i.NVIC_EnableIRQ)
    NVIC_EnableIRQ                           0x2000031d   Thumb Code    22  main.o(i.NVIC_EnableIRQ)
    i.NVIC_Init                              0x20000334   Section        0  main.o(i.NVIC_Init)
    i.NVIC_SetPriority                       0x20000374   Section        0  main.o(i.NVIC_SetPriority)
    NVIC_SetPriority                         0x20000375   Thumb Code    32  main.o(i.NVIC_SetPriority)
    i.SetSysClock                            0x2000039c   Section        0  system_stm32f10x.o(i.SetSysClock)
    SetSysClock                              0x2000039d   Thumb Code   294  system_stm32f10x.o(i.SetSysClock)
    i.SystemInit                             0x200004e0   Section        0  system_stm32f10x.o(i.SystemInit)
    i.TIM1_UP_IRQHandler                     0x20000530   Section        0  main.o(i.TIM1_UP_IRQHandler)
    i.TIM_Init                               0x200005a0   Section        0  main.o(i.TIM_Init)
    i.USART1_IRQHandler                      0x2000066c   Section        0  main.o(i.USART1_IRQHandler)
    i.com_send_char                          0x20000704   Section        0  main.o(i.com_send_char)
    i.main                                   0x20000724   Section        0  main.o(i.main)
    i.uart_init                              0x200007c4   Section        0  main.o(i.uart_init)
    i.uart_wirte                             0x200008a4   Section        0  main.o(i.uart_wirte)
    x$fpl$fadd                               0x200008c0   Section      196  faddsub_clz.o(x$fpl$fadd)
    _fadd1                                   0x200008cf   Thumb Code     0  faddsub_clz.o(x$fpl$fadd)
    x$fpl$fdiv                               0x20000984   Section      388  fdiv.o(x$fpl$fdiv)
    _fdiv1                                   0x20000985   Thumb Code     0  fdiv.o(x$fpl$fdiv)
    x$fpl$ffixu                              0x20000b08   Section       62  ffixu.o(x$fpl$ffixu)
    x$fpl$ffltu                              0x20000b48   Section       38  fflt_clz.o(x$fpl$ffltu)
    x$fpl$fmul                               0x20000b70   Section      258  fmul.o(x$fpl$fmul)
    x$fpl$fnaninf                            0x20000c72   Section      140  fnaninf.o(x$fpl$fnaninf)
    x$fpl$fretinf                            0x20000cfe   Section       10  fretinf.o(x$fpl$fretinf)
    x$fpl$frsb                               0x20000d08   Section       20  faddsub_clz.o(x$fpl$frsb)
    x$fpl$fsub                               0x20000d1c   Section      234  faddsub_clz.o(x$fpl$fsub)
    _fsub1                                   0x20000d2b   Thumb Code     0  faddsub_clz.o(x$fpl$fsub)
    x$fpl$usenofp                            0x20000e06   Section        0  usenofp.o(x$fpl$usenofp)
    .data                                    0x2000b000   Section        4  system_stm32f10x.o(.data)
    .data                                    0x2000b004   Section        5  main.o(.data)
    .bss                                     0x2000b00c   Section      100  main.o(.bss)
    .bss                                     0x2000b070   Section       96  libspace.o(.bss)
    HEAP                                     0x2000b0d0   Section        0  stm32f10x.o(HEAP)
    STACK                                    0x2000b0d0   Section     1024  stm32f10x.o(STACK)
    Heap_Mem                                 0x2000b0d0   Data           0  stm32f10x.o(HEAP)
    Stack_Mem                                0x2000b0d0   Data        1024  stm32f10x.o(STACK)
    __initial_sp                             0x2000b4d0   Data           0  stm32f10x.o(STACK)

    Global Symbols

    Symbol Name                              Value     Ov Type        Size  Object(Section)

    BuildAttributes$$THM_ISAv4$P$D$K$B$S$PE$A:L22UL41UL21$X:L11$S22US41US21$IEEE1$IW$USESV6$~STKCKD$USESV7$~SHL$OSPACE$ROPI$EBA8$UX$STANDARDLIB$REQ8$PRES8$EABIv2 0x00000000   Number         0  anon$$obj.o ABSOLUTE
    __ARM_use_no_argv                        0x00000000   Number         0  main.o ABSOLUTE
    __ARM_exceptions_init                     - Undefined Weak Reference
    __alloca_initialize                       - Undefined Weak Reference
    __arm_preinit_                            - Undefined Weak Reference
    __cpp_initialize__aeabi_                  - Undefined Weak Reference
    __cxa_finalize                            - Undefined Weak Reference
    __rt_locale                               - Undefined Weak Reference
    __sigvec_lookup                           - Undefined Weak Reference
    _atexit_init                              - Undefined Weak Reference
    _call_atexit_fns                          - Undefined Weak Reference
    _clock_init                               - Undefined Weak Reference
    _fp_trap_init                             - Undefined Weak Reference
    _fp_trap_shutdown                         - Undefined Weak Reference
    _get_lc_collate                           - Undefined Weak Reference
    _get_lc_ctype                             - Undefined Weak Reference
    _get_lc_monetary                          - Undefined Weak Reference
    _get_lc_numeric                           - Undefined Weak Reference
    _get_lc_time                              - Undefined Weak Reference
    _getenv_init                              - Undefined Weak Reference
    _handle_redirection                       - Undefined Weak Reference
    _init_alloc                               - Undefined Weak Reference
    _init_user_alloc                          - Undefined Weak Reference
    _initio                                   - Undefined Weak Reference
    _rand_init                                - Undefined Weak Reference
    _signal_finish                            - Undefined Weak Reference
    _signal_init                              - Undefined Weak Reference
    _terminate_alloc                          - Undefined Weak Reference
    _terminate_user_alloc                     - Undefined Weak Reference
    _terminateio                              - Undefined Weak Reference
    __Vectors_Size                           0x00000130   Number         0  stm32f10x.o ABSOLUTE
    __Vectors                                0x20000000   Data           4  stm32f10x.o(RESET)
    __Vectors_End                            0x20000130   Data           0  stm32f10x.o(RESET)
    __main                                   0x20000131   Thumb Code     8  __main.o(!!!main)
    __scatterload                            0x20000139   Thumb Code     0  __scatter.o(!!!scatter)
    __scatterload_rt2                        0x20000139   Thumb Code    44  __scatter.o(!!!scatter)
    __scatterload_rt2_thumb_only             0x20000139   Thumb Code     0  __scatter.o(!!!scatter)
    __scatterload_null                       0x20000147   Thumb Code     0  __scatter.o(!!!scatter)
    __scatterload_copy                       0x2000016d   Thumb Code    26  __scatter_copy.o(!!handler_copy)
    __scatterload_zeroinit                   0x20000189   Thumb Code    28  __scatter_zi.o(!!handler_zi)
    __rt_lib_init                            0x200001a5   Thumb Code     0  libinit.o(.ARM.Collect$$libinit$$00000000)
    __rt_lib_init_alloca_1                   0x200001a7   Thumb Code     0  libinit2.o(.ARM.Collect$$libinit$$0000002E)
    __rt_lib_init_argv_1                     0x200001a7   Thumb Code     0  libinit2.o(.ARM.Collect$$libinit$$0000002C)
    __rt_lib_init_atexit_1                   0x200001a7   Thumb Code     0  libinit2.o(.ARM.Collect$$libinit$$0000001B)
    __rt_lib_init_clock_1                    0x200001a7   Thumb Code     0  libinit2.o(.ARM.Collect$$libinit$$00000021)
    __rt_lib_init_cpp_1                      0x200001a7   Thumb Code     0  libinit2.o(.ARM.Collect$$libinit$$00000032)
    __rt_lib_init_exceptions_1               0x200001a7   Thumb Code     0  libinit2.o(.ARM.Collect$$libinit$$00000030)
    __rt_lib_init_fp_1                       0x200001a7   Thumb Code     0  libinit2.o(.ARM.Collect$$libinit$$00000002)
    __rt_lib_init_fp_trap_1                  0x200001a7   Thumb Code     0  libinit2.o(.ARM.Collect$$libinit$$0000001F)
    __rt_lib_init_getenv_1                   0x200001a7   Thumb Code     0  libinit2.o(.ARM.Collect$$libinit$$00000023)
    __rt_lib_init_heap_1                     0x200001a7   Thumb Code     0  libinit2.o(.ARM.Collect$$libinit$$0000000A)
    __rt_lib_init_lc_collate_1               0x200001a7   Thumb Code     0  libinit2.o(.ARM.Collect$$libinit$$00000011)
    __rt_lib_init_lc_ctype_1                 0x200001a7   Thumb Code     0  libinit2.o(.ARM.Collect$$libinit$$00000013)
    __rt_lib_init_lc_monetary_1              0x200001a7   Thumb Code     0  libinit2.o(.ARM.Collect$$libinit$$00000015)
    __rt_lib_init_lc_numeric_1               0x200001a7   Thumb Code     0  libinit2.o(.ARM.Collect$$libinit$$00000017)
    __rt_lib_init_lc_time_1                  0x200001a7   Thumb Code     0  libinit2.o(.ARM.Collect$$libinit$$00000019)
    __rt_lib_init_preinit_1                  0x200001a7   Thumb Code     0  libinit2.o(.ARM.Collect$$libinit$$00000004)
    __rt_lib_init_rand_1                     0x200001a7   Thumb Code     0  libinit2.o(.ARM.Collect$$libinit$$0000000E)
    __rt_lib_init_return                     0x200001a7   Thumb Code     0  libinit2.o(.ARM.Collect$$libinit$$00000033)
    __rt_lib_init_signal_1                   0x200001a7   Thumb Code     0  libinit2.o(.ARM.Collect$$libinit$$0000001D)
    __rt_lib_init_stdio_1                    0x200001a7   Thumb Code     0  libinit2.o(.ARM.Collect$$libinit$$00000025)
    __rt_lib_init_user_alloc_1               0x200001a7   Thumb Code     0  libinit2.o(.ARM.Collect$$libinit$$0000000C)
    __rt_lib_shutdown                        0x200001a9   Thumb Code     0  libshutdown.o(.ARM.Collect$$libshutdown$$00000000)
    __rt_lib_shutdown_fp_trap_1              0x200001ab   Thumb Code     0  libshutdown2.o(.ARM.Collect$$libshutdown$$00000006)
    __rt_lib_shutdown_heap_1                 0x200001ab   Thumb Code     0  libshutdown2.o(.ARM.Collect$$libshutdown$$0000000E)
    __rt_lib_shutdown_return                 0x200001ab   Thumb Code     0  libshutdown2.o(.ARM.Collect$$libshutdown$$0000000F)
    __rt_lib_shutdown_signal_1               0x200001ab   Thumb Code     0  libshutdown2.o(.ARM.Collect$$libshutdown$$00000009)
    __rt_lib_shutdown_stdio_1                0x200001ab   Thumb Code     0  libshutdown2.o(.ARM.Collect$$libshutdown$$00000003)
    __rt_lib_shutdown_user_alloc_1           0x200001ab   Thumb Code     0  libshutdown2.o(.ARM.Collect$$libshutdown$$0000000B)
    __rt_entry                               0x200001ad   Thumb Code     0  __rtentry.o(.ARM.Collect$$rtentry$$00000000)
    __rt_entry_presh_1                       0x200001ad   Thumb Code     0  __rtentry2.o(.ARM.Collect$$rtentry$$00000002)
    __rt_entry_sh                            0x200001ad   Thumb Code     0  __rtentry4.o(.ARM.Collect$$rtentry$$00000004)
    __rt_entry_li                            0x200001b3   Thumb Code     0  __rtentry2.o(.ARM.Collect$$rtentry$$0000000A)
    __rt_entry_postsh_1                      0x200001b3   Thumb Code     0  __rtentry2.o(.ARM.Collect$$rtentry$$00000009)
    __rt_entry_main                          0x200001b7   Thumb Code     0  __rtentry2.o(.ARM.Collect$$rtentry$$0000000D)
    __rt_entry_postli_1                      0x200001b7   Thumb Code     0  __rtentry2.o(.ARM.Collect$$rtentry$$0000000C)
    __rt_exit                                0x200001bf   Thumb Code     0  rtexit.o(.ARM.Collect$$rtexit$$00000000)
    __rt_exit_ls                             0x200001c1   Thumb Code     0  rtexit2.o(.ARM.Collect$$rtexit$$00000003)
    __rt_exit_prels_1                        0x200001c1   Thumb Code     0  rtexit2.o(.ARM.Collect$$rtexit$$00000002)
    __rt_exit_exit                           0x200001c5   Thumb Code     0  rtexit2.o(.ARM.Collect$$rtexit$$00000004)
    Reset_Handler                            0x200001cd   Thumb Code     8  stm32f10x.o(.text)
    NMI_Handler                              0x200001d5   Thumb Code     2  stm32f10x.o(.text)
    HardFault_Handler                        0x200001d7   Thumb Code     2  stm32f10x.o(.text)
    MemManage_Handler                        0x200001d9   Thumb Code     2  stm32f10x.o(.text)
    BusFault_Handler                         0x200001db   Thumb Code     2  stm32f10x.o(.text)
    UsageFault_Handler                       0x200001dd   Thumb Code     2  stm32f10x.o(.text)
    SVC_Handler                              0x200001df   Thumb Code     2  stm32f10x.o(.text)
    DebugMon_Handler                         0x200001e1   Thumb Code     2  stm32f10x.o(.text)
    PendSV_Handler                           0x200001e3   Thumb Code     2  stm32f10x.o(.text)
    SysTick_Handler                          0x200001e5   Thumb Code     2  stm32f10x.o(.text)
    ADC1_2_IRQHandler                        0x200001e7   Thumb Code     0  stm32f10x.o(.text)
    ADC3_IRQHandler                          0x200001e7   Thumb Code     0  stm32f10x.o(.text)
    CAN1_RX1_IRQHandler                      0x200001e7   Thumb Code     0  stm32f10x.o(.text)
    CAN1_SCE_IRQHandler                      0x200001e7   Thumb Code     0  stm32f10x.o(.text)
    DMA1_Channel1_IRQHandler                 0x200001e7   Thumb Code     0  stm32f10x.o(.text)
    DMA1_Channel2_IRQHandler                 0x200001e7   Thumb Code     0  stm32f10x.o(.text)
    DMA1_Channel3_IRQHandler                 0x200001e7   Thumb Code     0  stm32f10x.o(.text)
    DMA1_Channel4_IRQHandler                 0x200001e7   Thumb Code     0  stm32f10x.o(.text)
    DMA1_Channel5_IRQHandler                 0x200001e7   Thumb Code     0  stm32f10x.o(.text)
    DMA1_Channel6_IRQHandler                 0x200001e7   Thumb Code     0  stm32f10x.o(.text)
    DMA1_Channel7_IRQHandler                 0x200001e7   Thumb Code     0  stm32f10x.o(.text)
    DMA2_Channel1_IRQHandler                 0x200001e7   Thumb Code     0  stm32f10x.o(.text)
    DMA2_Channel2_IRQHandler                 0x200001e7   Thumb Code     0  stm32f10x.o(.text)
    DMA2_Channel3_IRQHandler                 0x200001e7   Thumb Code     0  stm32f10x.o(.text)
    DMA2_Channel4_5_IRQHandler               0x200001e7   Thumb Code     0  stm32f10x.o(.text)
    EXTI0_IRQHandler                         0x200001e7   Thumb Code     0  stm32f10x.o(.text)
    EXTI15_10_IRQHandler                     0x200001e7   Thumb Code     0  stm32f10x.o(.text)
    EXTI1_IRQHandler                         0x200001e7   Thumb Code     0  stm32f10x.o(.text)
    EXTI2_IRQHandler                         0x200001e7   Thumb Code     0  stm32f10x.o(.text)
    EXTI3_IRQHandler                         0x200001e7   Thumb Code     0  stm32f10x.o(.text)
    EXTI9_5_IRQHandler                       0x200001e7   Thumb Code     0  stm32f10x.o(.text)
    FLASH_IRQHandler                         0x200001e7   Thumb Code     0  stm32f10x.o(.text)
    FSMC_IRQHandler                          0x200001e7   Thumb Code     0  stm32f10x.o(.text)
    I2C1_ER_IRQHandler                       0x200001e7   Thumb Code     0  stm32f10x.o(.text)
    I2C1_EV_IRQHandler                       0x200001e7   Thumb Code     0  stm32f10x.o(.text)
    I2C2_ER_IRQHandler                       0x200001e7   Thumb Code     0  stm32f10x.o(.text)
    I2C2_EV_IRQHandler                       0x200001e7   Thumb Code     0  stm32f10x.o(.text)
    PVD_IRQHandler                           0x200001e7   Thumb Code     0  stm32f10x.o(.text)
    RCC_IRQHandler                           0x200001e7   Thumb Code     0  stm32f10x.o(.text)
    RTCAlarm_IRQHandler                      0x200001e7   Thumb Code     0  stm32f10x.o(.text)
    RTC_IRQHandler                           0x200001e7   Thumb Code     0  stm32f10x.o(.text)
    SDIO_IRQHandler                          0x200001e7   Thumb Code     0  stm32f10x.o(.text)
    SPI1_IRQHandler                          0x200001e7   Thumb Code     0  stm32f10x.o(.text)
    SPI2_IRQHandler                          0x200001e7   Thumb Code     0  stm32f10x.o(.text)
    SPI3_IRQHandler                          0x200001e7   Thumb Code     0  stm32f10x.o(.text)
    TAMPER_IRQHandler                        0x200001e7   Thumb Code     0  stm32f10x.o(.text)
    TIM1_BRK_IRQHandler                      0x200001e7   Thumb Code     0  stm32f10x.o(.text)
    TIM1_CC_IRQHandler                       0x200001e7   Thumb Code     0  stm32f10x.o(.text)
    TIM1_TRG_COM_IRQHandler                  0x200001e7   Thumb Code     0  stm32f10x.o(.text)
    TIM2_IRQHandler                          0x200001e7   Thumb Code     0  stm32f10x.o(.text)
    TIM3_IRQHandler                          0x200001e7   Thumb Code     0  stm32f10x.o(.text)
    TIM4_IRQHandler                          0x200001e7   Thumb Code     0  stm32f10x.o(.text)
    TIM5_IRQHandler                          0x200001e7   Thumb Code     0  stm32f10x.o(.text)
    TIM6_IRQHandler                          0x200001e7   Thumb Code     0  stm32f10x.o(.text)
    TIM7_IRQHandler                          0x200001e7   Thumb Code     0  stm32f10x.o(.text)
    TIM8_BRK_IRQHandler                      0x200001e7   Thumb Code     0  stm32f10x.o(.text)
    TIM8_CC_IRQHandler                       0x200001e7   Thumb Code     0  stm32f10x.o(.text)
    TIM8_TRG_COM_IRQHandler                  0x200001e7   Thumb Code     0  stm32f10x.o(.text)
    TIM8_UP_IRQHandler                       0x200001e7   Thumb Code     0  stm32f10x.o(.text)
    UART4_IRQHandler                         0x200001e7   Thumb Code     0  stm32f10x.o(.text)
    UART5_IRQHandler                         0x200001e7   Thumb Code     0  stm32f10x.o(.text)
    USART2_IRQHandler                        0x200001e7   Thumb Code     0  stm32f10x.o(.text)
    USART3_IRQHandler                        0x200001e7   Thumb Code     0  stm32f10x.o(.text)
    USBWakeUp_IRQHandler                     0x200001e7   Thumb Code     0  stm32f10x.o(.text)
    USB_HP_CAN1_TX_IRQHandler                0x200001e7   Thumb Code     0  stm32f10x.o(.text)
    USB_LP_CAN1_RX0_IRQHandler               0x200001e7   Thumb Code     0  stm32f10x.o(.text)
    WWDG_IRQHandler                          0x200001e7   Thumb Code     0  stm32f10x.o(.text)
    __user_initial_stackheap                 0x200001e9   Thumb Code     0  stm32f10x.o(.text)
    __use_two_region_memory                  0x20000209   Thumb Code     2  heapauxi.o(.text)
    __rt_heap_escrow$2region                 0x2000020b   Thumb Code     2  heapauxi.o(.text)
    __rt_heap_expand$2region                 0x2000020d   Thumb Code     2  heapauxi.o(.text)
    __user_setup_stackheap                   0x2000020f   Thumb Code    74  sys_stackheap_outer.o(.text)
    exit                                     0x20000259   Thumb Code    12  exit.o(.text)
    __user_libspace                          0x20000265   Thumb Code     8  libspace.o(.text)
    __user_perproc_libspace                  0x20000265   Thumb Code     0  libspace.o(.text)
    __user_perthread_libspace                0x20000265   Thumb Code     0  libspace.o(.text)
    _sys_exit                                0x2000026d   Thumb Code     8  sys_exit.o(.text)
    __I$use$semihosting                      0x20000279   Thumb Code     0  use_no_semi.o(.text)
    __use_no_semihosting_swi                 0x20000279   Thumb Code     2  use_no_semi.o(.text)
    __semihosting_library_function           0x2000027b   Thumb Code     0  indicate_semi.o(.text)
    EXIT_Init                                0x2000027d   Thumb Code   102  main.o(i.EXIT_Init)
    EXTI4_IRQHandler                         0x200002f9   Thumb Code    26  main.o(i.EXTI4_IRQHandler)
    NVIC_Init                                0x20000335   Thumb Code    54  main.o(i.NVIC_Init)
    SystemInit                               0x200004e1   Thumb Code    64  system_stm32f10x.o(i.SystemInit)
    TIM1_UP_IRQHandler                       0x20000531   Thumb Code    96  main.o(i.TIM1_UP_IRQHandler)
    TIM_Init                                 0x200005a1   Thumb Code   166  main.o(i.TIM_Init)
    USART1_IRQHandler                        0x2000066d   Thumb Code   128  main.o(i.USART1_IRQHandler)
    com_send_char                            0x20000705   Thumb Code    22  main.o(i.com_send_char)
    main                                     0x20000725   Thumb Code   144  main.o(i.main)
    uart_init                                0x200007c5   Thumb Code   204  main.o(i.uart_init)
    uart_wirte                               0x200008a5   Thumb Code    28  main.o(i.uart_wirte)
    __aeabi_fadd                             0x200008c1   Thumb Code     0  faddsub_clz.o(x$fpl$fadd)
    _fadd                                    0x200008c1   Thumb Code   196  faddsub_clz.o(x$fpl$fadd)
    __aeabi_fdiv                             0x20000985   Thumb Code     0  fdiv.o(x$fpl$fdiv)
    _fdiv                                    0x20000985   Thumb Code   384  fdiv.o(x$fpl$fdiv)
    __aeabi_f2uiz                            0x20000b09   Thumb Code     0  ffixu.o(x$fpl$ffixu)
    _ffixu                                   0x20000b09   Thumb Code    62  ffixu.o(x$fpl$ffixu)
    __aeabi_ui2f                             0x20000b49   Thumb Code     0  fflt_clz.o(x$fpl$ffltu)
    _ffltu                                   0x20000b49   Thumb Code    38  fflt_clz.o(x$fpl$ffltu)
    __aeabi_fmul                             0x20000b71   Thumb Code     0  fmul.o(x$fpl$fmul)
    _fmul                                    0x20000b71   Thumb Code   258  fmul.o(x$fpl$fmul)
    __fpl_fnaninf                            0x20000c73   Thumb Code   140  fnaninf.o(x$fpl$fnaninf)
    __fpl_fretinf                            0x20000cff   Thumb Code    10  fretinf.o(x$fpl$fretinf)
    __aeabi_frsub                            0x20000d09   Thumb Code     0  faddsub_clz.o(x$fpl$frsb)
    _frsb                                    0x20000d09   Thumb Code    20  faddsub_clz.o(x$fpl$frsb)
    __aeabi_fsub                             0x20000d1d   Thumb Code     0  faddsub_clz.o(x$fpl$fsub)
    _fsub                                    0x20000d1d   Thumb Code   234  faddsub_clz.o(x$fpl$fsub)
    __I$use$fp                               0x20000e06   Number         0  usenofp.o(x$fpl$usenofp)
    Region$$Table$$Base                      0x20000e08   Number         0  anon$$obj.o(Region$$Table)
    Region$$Table$$Limit                     0x20000e28   Number         0  anon$$obj.o(Region$$Table)
    SystemCoreClock                          0x2000b000   Data           4  system_stm32f10x.o(.data)
    Usart1_R_Count                           0x2000b004   Data           1  main.o(.data)
    timer                                    0x2000b006   Data           2  main.o(.data)
    dir                                      0x2000b008   Data           1  main.o(.data)
    Usart1_R_Buff                            0x2000b00c   Data         100  main.o(.bss)
    __libspace_start                         0x2000b070   Data          96  libspace.o(.bss)
    __temporary_stack_top$libspace           0x2000b0d0   Data           0  libspace.o(.bss)



==============================================================================

Memory Map of the image

  Image Entry point : 0x20000131

  Load Region LR_IROM1 (Base: 0x20000000, Size: 0x00000e34, Max: 0x0000b000, ABSOLUTE)

    Execution Region ER_IROM1 (Base: 0x20000000, Size: 0x00000e28, Max: 0x0000b000, ABSOLUTE)

    Base Addr    Size         Type   Attr      Idx    E Section Name        Object

    0x20000000   0x00000130   Data   RO            3    RESET               stm32f10x.o
    0x20000130   0x00000008   Code   RO          145  * !!!main             c_w.l(__main.o)
    0x20000138   0x00000034   Code   RO          328    !!!scatter          c_w.l(__scatter.o)
    0x2000016c   0x0000001a   Code   RO          330    !!handler_copy      c_w.l(__scatter_copy.o)
    0x20000186   0x00000002   PAD
    0x20000188   0x0000001c   Code   RO          332    !!handler_zi        c_w.l(__scatter_zi.o)
    0x200001a4   0x00000002   Code   RO          199    .ARM.Collect$$libinit$$00000000  c_w.l(libinit.o)
    0x200001a6   0x00000000   Code   RO          206    .ARM.Collect$$libinit$$00000002  c_w.l(libinit2.o)
    0x200001a6   0x00000000   Code   RO          208    .ARM.Collect$$libinit$$00000004  c_w.l(libinit2.o)
    0x200001a6   0x00000000   Code   RO          211    .ARM.Collect$$libinit$$0000000A  c_w.l(libinit2.o)
    0x200001a6   0x00000000   Code   RO          213    .ARM.Collect$$libinit$$0000000C  c_w.l(libinit2.o)
    0x200001a6   0x00000000   Code   RO          215    .ARM.Collect$$libinit$$0000000E  c_w.l(libinit2.o)
    0x200001a6   0x00000000   Code   RO          218    .ARM.Collect$$libinit$$00000011  c_w.l(libinit2.o)
    0x200001a6   0x00000000   Code   RO          220    .ARM.Collect$$libinit$$00000013  c_w.l(libinit2.o)
    0x200001a6   0x00000000   Code   RO          222    .ARM.Collect$$libinit$$00000015  c_w.l(libinit2.o)
    0x200001a6   0x00000000   Code   RO          224    .ARM.Collect$$libinit$$00000017  c_w.l(libinit2.o)
    0x200001a6   0x00000000   Code   RO          226    .ARM.Collect$$libinit$$00000019  c_w.l(libinit2.o)
    0x200001a6   0x00000000   Code   RO          228    .ARM.Collect$$libinit$$0000001B  c_w.l(libinit2.o)
    0x200001a6   0x00000000   Code   RO          230    .ARM.Collect$$libinit$$0000001D  c_w.l(libinit2.o)
    0x200001a6   0x00000000   Code   RO          232    .ARM.Collect$$libinit$$0000001F  c_w.l(libinit2.o)
    0x200001a6   0x00000000   Code   RO          234    .ARM.Collect$$libinit$$00000021  c_w.l(libinit2.o)
    0x200001a6   0x00000000   Code   RO          236    .ARM.Collect$$libinit$$00000023  c_w.l(libinit2.o)
    0x200001a6   0x00000000   Code   RO          238    .ARM.Collect$$libinit$$00000025  c_w.l(libinit2.o)
    0x200001a6   0x00000000   Code   RO          242    .ARM.Collect$$libinit$$0000002C  c_w.l(libinit2.o)
    0x200001a6   0x00000000   Code   RO          244    .ARM.Collect$$libinit$$0000002E  c_w.l(libinit2.o)
    0x200001a6   0x00000000   Code   RO          246    .ARM.Collect$$libinit$$00000030  c_w.l(libinit2.o)
    0x200001a6   0x00000000   Code   RO          248    .ARM.Collect$$libinit$$00000032  c_w.l(libinit2.o)
    0x200001a6   0x00000002   Code   RO          249    .ARM.Collect$$libinit$$00000033  c_w.l(libinit2.o)
    0x200001a8   0x00000002   Code   RO          269    .ARM.Collect$$libshutdown$$00000000  c_w.l(libshutdown.o)
    0x200001aa   0x00000000   Code   RO          283    .ARM.Collect$$libshutdown$$00000003  c_w.l(libshutdown2.o)
    0x200001aa   0x00000000   Code   RO          286    .ARM.Collect$$libshutdown$$00000006  c_w.l(libshutdown2.o)
    0x200001aa   0x00000000   Code   RO          289    .ARM.Collect$$libshutdown$$00000009  c_w.l(libshutdown2.o)
    0x200001aa   0x00000000   Code   RO          291    .ARM.Collect$$libshutdown$$0000000B  c_w.l(libshutdown2.o)
    0x200001aa   0x00000000   Code   RO          294    .ARM.Collect$$libshutdown$$0000000E  c_w.l(libshutdown2.o)
    0x200001aa   0x00000002   Code   RO          295    .ARM.Collect$$libshutdown$$0000000F  c_w.l(libshutdown2.o)
    0x200001ac   0x00000000   Code   RO          169    .ARM.Collect$$rtentry$$00000000  c_w.l(__rtentry.o)
    0x200001ac   0x00000000   Code   RO          176    .ARM.Collect$$rtentry$$00000002  c_w.l(__rtentry2.o)
    0x200001ac   0x00000006   Code   RO          188    .ARM.Collect$$rtentry$$00000004  c_w.l(__rtentry4.o)
    0x200001b2   0x00000000   Code   RO          178    .ARM.Collect$$rtentry$$00000009  c_w.l(__rtentry2.o)
    0x200001b2   0x00000004   Code   RO          179    .ARM.Collect$$rtentry$$0000000A  c_w.l(__rtentry2.o)
    0x200001b6   0x00000000   Code   RO          181    .ARM.Collect$$rtentry$$0000000C  c_w.l(__rtentry2.o)
    0x200001b6   0x00000008   Code   RO          182    .ARM.Collect$$rtentry$$0000000D  c_w.l(__rtentry2.o)
    0x200001be   0x00000002   Code   RO          203    .ARM.Collect$$rtexit$$00000000  c_w.l(rtexit.o)
    0x200001c0   0x00000000   Code   RO          251    .ARM.Collect$$rtexit$$00000002  c_w.l(rtexit2.o)
    0x200001c0   0x00000004   Code   RO          252    .ARM.Collect$$rtexit$$00000003  c_w.l(rtexit2.o)
    0x200001c4   0x00000006   Code   RO          253    .ARM.Collect$$rtexit$$00000004  c_w.l(rtexit2.o)
    0x200001ca   0x00000002   PAD
    0x200001cc   0x0000003c   Code   RO            4    .text               stm32f10x.o
    0x20000208   0x00000006   Code   RO          143    .text               c_w.l(heapauxi.o)
    0x2000020e   0x0000004a   Code   RO          190    .text               c_w.l(sys_stackheap_outer.o)
    0x20000258   0x0000000c   Code   RO          192    .text               c_w.l(exit.o)
    0x20000264   0x00000008   Code   RO          200    .text               c_w.l(libspace.o)
    0x2000026c   0x0000000c   Code   RO          261    .text               c_w.l(sys_exit.o)
    0x20000278   0x00000002   Code   RO          272    .text               c_w.l(use_no_semi.o)
    0x2000027a   0x00000000   Code   RO          274    .text               c_w.l(indicate_semi.o)
    0x2000027a   0x00000002   PAD
    0x2000027c   0x0000007c   Code   RO           41    i.EXIT_Init         main.o
    0x200002f8   0x00000024   Code   RO           42    i.EXTI4_IRQHandler  main.o
    0x2000031c   0x00000016   Code   RO           43    i.NVIC_EnableIRQ    main.o
    0x20000332   0x00000002   PAD
    0x20000334   0x00000040   Code   RO           44    i.NVIC_Init         main.o
    0x20000374   0x00000028   Code   RO           45    i.NVIC_SetPriority  main.o
    0x2000039c   0x00000144   Code   RO           10    i.SetSysClock       system_stm32f10x.o
    0x200004e0   0x00000050   Code   RO           11    i.SystemInit        system_stm32f10x.o
    0x20000530   0x00000070   Code   RO           46    i.TIM1_UP_IRQHandler  main.o
    0x200005a0   0x000000cc   Code   RO           47    i.TIM_Init          main.o
    0x2000066c   0x00000098   Code   RO           48    i.USART1_IRQHandler  main.o
    0x20000704   0x00000020   Code   RO           49    i.com_send_char     main.o
    0x20000724   0x000000a0   Code   RO           52    i.main              main.o
    0x200007c4   0x000000e0   Code   RO           53    i.uart_init         main.o
    0x200008a4   0x0000001c   Code   RO           54    i.uart_wirte        main.o
    0x200008c0   0x000000c4   Code   RO          147    x$fpl$fadd          fz_ws.l(faddsub_clz.o)
    0x20000984   0x00000184   Code   RO          154    x$fpl$fdiv          fz_ws.l(fdiv.o)
    0x20000b08   0x0000003e   Code   RO          157    x$fpl$ffixu         fz_ws.l(ffixu.o)
    0x20000b46   0x00000002   PAD
    0x20000b48   0x00000026   Code   RO          161    x$fpl$ffltu         fz_ws.l(fflt_clz.o)
    0x20000b6e   0x00000002   PAD
    0x20000b70   0x00000102   Code   RO          167    x$fpl$fmul          fz_ws.l(fmul.o)
    0x20000c72   0x0000008c   Code   RO          170    x$fpl$fnaninf       fz_ws.l(fnaninf.o)
    0x20000cfe   0x0000000a   Code   RO          172    x$fpl$fretinf       fz_ws.l(fretinf.o)
    0x20000d08   0x00000014   Code   RO          148    x$fpl$frsb          fz_ws.l(faddsub_clz.o)
    0x20000d1c   0x000000ea   Code   RO          149    x$fpl$fsub          fz_ws.l(faddsub_clz.o)
    0x20000e06   0x00000000   Code   RO          174    x$fpl$usenofp       fz_ws.l(usenofp.o)
    0x20000e06   0x00000002   PAD
    0x20000e08   0x00000020   Data   RO          326    Region$$Table       anon$$obj.o


    Execution Region RW_IRAM1 (Base: 0x2000b000, Size: 0x000004d0, Max: 0x00005000, ABSOLUTE)

    Base Addr    Size         Type   Attr      Idx    E Section Name        Object

    0x2000b000   0x00000004   Data   RW           12    .data               system_stm32f10x.o
    0x2000b004   0x00000005   Data   RW           56    .data               main.o
    0x2000b009   0x00000003   PAD
    0x2000b00c   0x00000064   Zero   RW           55    .bss                main.o
    0x2000b070   0x00000060   Zero   RW          201    .bss                c_w.l(libspace.o)
    0x2000b0d0   0x00000000   Zero   RW            2    HEAP                stm32f10x.o
    0x2000b0d0   0x00000400   Zero   RW            1    STACK               stm32f10x.o


==============================================================================

Image component sizes


      Code (inc. data)   RO Data    RW Data    ZI Data      Debug   Object Name

      1198        174          0          5        100      23419   main.o
        60         22        304          0       1024        828   stm32f10x.o
       404         46          0          4          0       6363   system_stm32f10x.o

    ----------------------------------------------------------------------
      1664        242        336         12       1124      30610   Object Totals
         0          0         32          0          0          0   (incl. Generated)
         2          0          0          3          0          0   (incl. Padding)

    ----------------------------------------------------------------------

      Code (inc. data)   RO Data    RW Data    ZI Data      Debug   Library Member Name

         8          0          0          0          0         68   __main.o
         0          0          0          0          0          0   __rtentry.o
        12          0          0          0          0          0   __rtentry2.o
         6          0          0          0          0          0   __rtentry4.o
        52          8          0          0          0          0   __scatter.o
        26          0          0          0          0          0   __scatter_copy.o
        28          0          0          0          0          0   __scatter_zi.o
        12          0          0          0          0         72   exit.o
         6          0          0          0          0        152   heapauxi.o
         0          0          0          0          0          0   indicate_semi.o
         2          0          0          0          0          0   libinit.o
         2          0          0          0          0          0   libinit2.o
         2          0          0          0          0          0   libshutdown.o
         2          0          0          0          0          0   libshutdown2.o
         8          4          0          0         96         68   libspace.o
         2          0          0          0          0          0   rtexit.o
        10          0          0          0          0          0   rtexit2.o
        12          4          0          0          0         68   sys_exit.o
        74          0          0          0          0         80   sys_stackheap_outer.o
         2          0          0          0          0         68   use_no_semi.o
       450          8          0          0          0        236   faddsub_clz.o
       388         76          0          0          0         96   fdiv.o
        62          4          0          0          0         84   ffixu.o
        38          0          0          0          0         68   fflt_clz.o
       258          4          0          0          0         84   fmul.o
       140          4          0          0          0         84   fnaninf.o
        10          0          0          0          0         68   fretinf.o
         0          0          0          0          0          0   usenofp.o

    ----------------------------------------------------------------------
      1624        112          0          0         96       1296   Library Totals
        12          0          0          0          0          0   (incl. Padding)

    ----------------------------------------------------------------------

      Code (inc. data)   RO Data    RW Data    ZI Data      Debug   Library Name

       266         16          0          0         96        576   c_w.l
      1346         96          0          0          0        720   fz_ws.l

    ----------------------------------------------------------------------
      1624        112          0          0         96       1296   Library Totals

    ----------------------------------------------------------------------

==============================================================================


      Code (inc. data)   RO Data    RW Data    ZI Data      Debug   

      3288        354        336         12       1220      30706   Grand Totals
      3288        354        336         12       1220      30706   ELF Image Totals
      3288        354        336         12          0          0   ROM Totals

==============================================================================

    Total RO  Size (Code + RO Data)                 3624 (   3.54kB)
    Total RW  Size (RW Data + ZI Data)              1232 (   1.20kB)
    Total ROM Size (Code + RO Data + RW Data)       3636 (   3.55kB)

==============================================================================

